// Jest Snapshot v1, https://goo.gl/fbAQLP

exports[`Home component matches the snapshot 1`] = `
<DocumentFragment>
  <div
    class="Home-container"
  >
    <h2>
      Welcome to our Page!
    </h2>
    <p>
      Lorem ipsum dolor sit amet, consectetur adipiscing elit. Quisque sit amet accumsan risus. Vivamus faucibus euismod tortor, sit amet sollicitudin erat. Integer tincidunt eros at sapien vehicula, nec volutpat odio viverra. In dapibus, est sed pharetra suscipit, sapien justo ornare nisi, at fermentum eros ligula ut velit. Fusce quis erat non leo luctus laoreet non id ligula.
    </p>
     
    <br />
    <p>
      Proin malesuada nisl eget libero tincidunt, vitae aliquam massa ullamcorper. Nullam vehicula, erat vel fermentum elementum, turpis felis luctus dui, nec varius erat risus nec metus. Sed id dictum eros, sed dapibus dolor. Nulla facilisi. Phasellus id purus non ligula facilisis blandit. Duis aliquam metus ut ante interdum, id pretium nulla ultricies.
    </p>
  </div>
</DocumentFragment>
`;
