// Jest Snapshot v1, https://goo.gl/fbAQLP

exports[`Quote component matches the snapshot 1`] = `
<DocumentFragment>
  <div
    class="Quote-container"
  >
    <p>
      Mathematics is not all about numbers, equations, computations, or algorithms: It is about understanding -
      <strong>
        Williams Paul Thurston
      </strong>
    </p>
  </div>
</DocumentFragment>
`;
